SYSID plan=rate: prefix 2.9s + loop 27.6s
SYSID mode: 方策なし・既知コマンド列を送出します
[recorder] logging to runs/vq1_rate_0727/ (frames=True)
MAVLink: waiting for heartbeat on udpin:0.0.0.0:14550 ...
MAVLink: connected to system 1
Arming drone...
Resetting sim (startup: no race scheduled) (attempt 1)...
[dcl] TRACK受信: 6ゲート(VQ1テレメトリ有効)
Race scheduled.
Starting Genesis-RL DCL loop... (Ctrl+C to stop)
[dcl] t=   0.0s pin=0 gate=0 det=0 rel=1.00 video=off | truth[ACT/ATT/ODOM/POS] rpy=(-0.00,+0.31,+3.14) ned=(-0.0,-0.0,+0.0) |v|= 0.0 thr=0.265
COLLISION detected: |a|=1638 m/s^2
COLLISION -> reset & re-arm
Resetting sim (collision) (attempt 1)...
Race scheduled.
[dcl] TRACK受信: 6ゲート(VQ1テレメトリ有効)
[dcl] t=   7.5s pin=0 gate=0 det=0 rel=1.00 video=off | truth[ACT/ATT/ODOM/POS] rpy=(-0.00,+0.31,+3.14) ned=(-0.0,-0.0,+0.0) |v|= 0.0 thr=0.265
[dcl] t=  12.5s pin=1 gate=1 det=0 rel=1.00 video=off | truth[ACT/ATT/ODOM/POS] rpy=(-0.04,+0.44,+3.14) ned=(-29.3,+0.1,-1.3) |v|= 9.8 thr=0.274
[dcl] t=  17.5s pin=1 gate=1 det=0 rel=1.00 video=off | truth[ACT/ATT/ODOM/POS] rpy=(+0.02,+0.44,-3.10) ned=(-81.5,+2.3,-4.9) |v|=10.6 thr=0.274
[dcl] t=  22.5s pin=1 gate=1 det=0 rel=1.00 video=off | truth[ACT/ATT/ODOM/POS] rpy=(+0.00,+0.51,+3.14) ned=(-134.1,+5.6,-9.8) |v|=10.9 thr=0.274
[dcl] t=  27.6s pin=1 gate=1 det=0 rel=1.00 video=off | truth[ACT/ATT/ODOM/POS] rpy=(-0.10,+0.44,+3.14) ned=(-188.3,+9.7,-14.3) |v|=10.6 thr=0.274
[dcl] t=  32.6s pin=1 gate=1 det=0 rel=1.00 video=off | truth[ACT/ATT/ODOM/POS] rpy=(+0.05,+0.44,-3.03) ned=(-242.5,+16.6,-18.4) |v|=10.8 thr=0.274
[dcl] t=  37.6s pin=1 gate=1 det=0 rel=1.00 video=off | truth[ACT/ATT/ODOM/POS] rpy=(+0.06,+0.44,-3.01) ned=(-296.7,+24.1,-22.4) |v|=11.2 thr=0.274
Time limit (40s); stopping.
[recorder] wrote 1028 steps / 5317 imu samples / 17636 truth samples to runs/vq1_rate_0727/
DCL client exited.
